// Jest Snapshot v1, https://goo.gl/fbAQLP

exports[`Index renders correctly 1`] = `
[
  <div
    className="MuiPaper-root MuiPaper-elevation MuiPaper-rounded MuiPaper-elevation1 css-1mzjxcv-MuiPaper-root-mainFeaturedPost"
    style={
      {
        "backgroundImage": "url(test-file-stub)",
      }
    }
  >
    <img
      alt="Calculator"
      src="test-file-stub"
      style={
        {
          "display": "none",
        }
      }
    />
    <div
      className="css-juny23-overlay"
    />
    <div
      className="MuiGrid-root MuiGrid-container css-11lq3yg-MuiGrid-root"
    >
      <div
        className="MuiGrid-root MuiGrid-item MuiGrid-grid-md-6 css-1k7sk4d-MuiGrid-root"
      >
        <div
          className="css-17zg0mh-mainFeaturedPostContent"
        >
          <h1
            className="MuiTypography-root MuiTypography-h3 MuiTypography-gutterBottom css-1007tex-MuiTypography-root"
          >
            The Calculator ... Reimagined
          </h1>
          <p
            className="MuiTypography-root MuiTypography-h5 MuiTypography-paragraph css-187jqjf-MuiTypography-root"
          >
            What would the humble pocket calculator look like if it was reimagined as a modern serverless web app?
          </p>
        </div>
      </div>
    </div>
  </div>,
  <div
    className="MuiContainer-root MuiContainer-maxWidthLg css-1oqqzyl-MuiContainer-root"
  >
    <div
      className="MuiBox-root css-19midj6"
    >
      <main
        className="MuiContainer-root MuiContainer-maxWidthMd css-xdmu94-MuiContainer-root"
      >
        <div
          className="MuiGrid-root MuiGrid-container MuiGrid-spacing-xs-5 css-gpa0ei-MuiGrid-root"
        >
          <div
            className="MuiGrid-root MuiGrid-item MuiGrid-grid-xs-12 MuiGrid-grid-sm-6 MuiGrid-grid-md-3 css-10voxkt-MuiGrid-root"
          >
            <div
              className="MuiPaper-root MuiPaper-elevation MuiPaper-rounded MuiPaper-elevation1 MuiCard-root css-bhp9pd-MuiPaper-root-MuiCard-root"
            >
              <div
                className="MuiCardHeader-root css-1njolgq-MuiCardHeader-root-cardHeader"
              >
                <div
                  className="MuiCardHeader-content css-1qbkelo-MuiCardHeader-content"
                >
                  <span
                    className="MuiTypography-root MuiTypography-h5 MuiTypography-alignCenter MuiCardHeader-title css-1l8qytf-MuiTypography-root"
                  >
                    Calculator
                  </span>
                </div>
              </div>
              <div
                className="MuiCardContent-root css-46bh2p-MuiCardContent-root"
              >
                <div
                  className="css-191gaml-cardContent"
                >
                  <div
                    className="MuiAvatar-root MuiAvatar-circular MuiAvatar-colorDefault css-jn7sxx-MuiAvatar-root-pink"
                  >
                    <svg
                      aria-hidden={true}
                      className="MuiSvgIcon-root MuiSvgIcon-fontSizeMedium css-i4bv87-MuiSvgIcon-root"
                      focusable="false"
                      style={
                        {
                          "fontSize": 64,
                        }
                      }
                      viewBox="0 0 24 24"
                    >
                      <path
                        d="M7,2H17A2,2 0 0,1 19,4V20A2,2 0 0,1 17,22H7A2,2 0 0,1 5,20V4A2,2 0 0,1 7,2M7,4V8H17V4H7M7,10V12H9V10H7M11,10V12H13V10H11M15,10V12H17V10H15M7,14V16H9V14H7M11,14V16H13V14H11M15,14V16H17V14H15M7,18V20H9V18H7M11,18V20H13V18H11M15,18V20H17V18H15Z"
                      />
                    </svg>
                  </div>
                </div>
                <ul>
                  <li
                    className="MuiTypography-root MuiTypography-subtitle1 MuiTypography-alignCenter css-118o8hd-MuiTypography-root"
                  >
                    RPN logic
                  </li>
                  <li
                    className="MuiTypography-root MuiTypography-subtitle1 MuiTypography-alignCenter css-118o8hd-MuiTypography-root"
                  >
                    Calculator Keyboard
                  </li>
                  <li
                    className="MuiTypography-root MuiTypography-subtitle1 MuiTypography-alignCenter css-118o8hd-MuiTypography-root"
                  >
                    Stack History
                  </li>
                </ul>
              </div>
              <div
                className="MuiCardActions-root MuiCardActions-spacing css-dnrpxu-MuiCardActions-root"
              >
                <button
                  className="MuiButtonBase-root MuiButton-root MuiButton-contained MuiButton-containedPrimary MuiButton-sizeMedium MuiButton-containedSizeMedium MuiButton-colorPrimary MuiButton-fullWidth MuiButton-root MuiButton-contained MuiButton-containedPrimary MuiButton-sizeMedium MuiButton-containedSizeMedium MuiButton-colorPrimary MuiButton-fullWidth css-1fu7jd5-MuiButtonBase-root-MuiButton-root"
                  disabled={false}
                  onBlur={[Function]}
                  onClick={[Function]}
                  onContextMenu={[Function]}
                  onDragLeave={[Function]}
                  onFocus={[Function]}
                  onKeyDown={[Function]}
                  onKeyUp={[Function]}
                  onMouseDown={[Function]}
                  onMouseLeave={[Function]}
                  onMouseUp={[Function]}
                  onTouchEnd={[Function]}
                  onTouchMove={[Function]}
                  onTouchStart={[Function]}
                  tabIndex={0}
                  type="button"
                >
                  Calculator
                </button>
              </div>
            </div>
          </div>
          <div
            className="MuiGrid-root MuiGrid-item MuiGrid-grid-xs-12 MuiGrid-grid-sm-6 MuiGrid-grid-md-3 css-10voxkt-MuiGrid-root"
          >
            <div
              className="MuiPaper-root MuiPaper-elevation MuiPaper-rounded MuiPaper-elevation1 MuiCard-root css-bhp9pd-MuiPaper-root-MuiCard-root"
            >
              <div
                className="MuiCardHeader-root css-1njolgq-MuiCardHeader-root-cardHeader"
              >
                <div
                  className="MuiCardHeader-content css-1qbkelo-MuiCardHeader-content"
                >
                  <span
                    className="MuiTypography-root MuiTypography-h5 MuiTypography-alignCenter MuiCardHeader-title css-1l8qytf-MuiTypography-root"
                  >
                    Expression
                  </span>
                </div>
              </div>
              <div
                className="MuiCardContent-root css-46bh2p-MuiCardContent-root"
              >
                <div
                  className="css-191gaml-cardContent"
                >
                  <div
                    className="MuiAvatar-root MuiAvatar-circular MuiAvatar-colorDefault css-jn7sxx-MuiAvatar-root-pink"
                  >
                    <svg
                      aria-hidden={true}
                      className="MuiSvgIcon-root MuiSvgIcon-fontSizeMedium css-i4bv87-MuiSvgIcon-root"
                      focusable="false"
                      style={
                        {
                          "fontSize": 64,
                        }
                      }
                      viewBox="0 0 24 24"
                    >
                      <path
                        d="M19 3H5C3.9 3 3 3.9 3 5V19C3 20.1 3.9 21 5 21H19C20.1 21 21 20.1 21 19V5C21 3.9 20.1 3 19 3M13 7.1L14.1 6L15.5 7.4L16.9 6L18 7.1L16.6 8.5L18 9.9L16.9 11L15.5 9.6L14.1 11L13 9.9L14.4 8.5L13 7.1M6.2 7.7H11.2V9.2H6.2V7.7M11.5 16H9.5V18H8V16H6V14.5H8V12.5H9.5V14.5H11.5V16M18 17.2H13V15.7H18V17.2M18 14.8H13V13.3H18V14.8Z"
                      />
                    </svg>
                  </div>
                </div>
                <ul>
                  <li
                    className="MuiTypography-root MuiTypography-subtitle1 MuiTypography-alignCenter css-118o8hd-MuiTypography-root"
                  >
                    Evaluate formula
                  </li>
                  <li
                    className="MuiTypography-root MuiTypography-subtitle1 MuiTypography-alignCenter css-118o8hd-MuiTypography-root"
                  >
                    History
                  </li>
                  <li
                    className="MuiTypography-root MuiTypography-subtitle1 MuiTypography-alignCenter css-118o8hd-MuiTypography-root"
                  >
                    Variables
                  </li>
                </ul>
              </div>
              <div
                className="MuiCardActions-root MuiCardActions-spacing css-dnrpxu-MuiCardActions-root"
              >
                <button
                  className="MuiButtonBase-root MuiButton-root MuiButton-contained MuiButton-containedPrimary MuiButton-sizeMedium MuiButton-containedSizeMedium MuiButton-colorPrimary MuiButton-fullWidth MuiButton-root MuiButton-contained MuiButton-containedPrimary MuiButton-sizeMedium MuiButton-containedSizeMedium MuiButton-colorPrimary MuiButton-fullWidth css-1fu7jd5-MuiButtonBase-root-MuiButton-root"
                  disabled={false}
                  onBlur={[Function]}
                  onClick={[Function]}
                  onContextMenu={[Function]}
                  onDragLeave={[Function]}
                  onFocus={[Function]}
                  onKeyDown={[Function]}
                  onKeyUp={[Function]}
                  onMouseDown={[Function]}
                  onMouseLeave={[Function]}
                  onMouseUp={[Function]}
                  onTouchEnd={[Function]}
                  onTouchMove={[Function]}
                  onTouchStart={[Function]}
                  tabIndex={0}
                  type="button"
                >
                  Expression
                </button>
              </div>
            </div>
          </div>
          <div
            className="MuiGrid-root MuiGrid-item MuiGrid-grid-xs-12 MuiGrid-grid-sm-6 MuiGrid-grid-md-3 css-10voxkt-MuiGrid-root"
          >
            <div
              className="MuiPaper-root MuiPaper-elevation MuiPaper-rounded MuiPaper-elevation1 MuiCard-root css-bhp9pd-MuiPaper-root-MuiCard-root"
            >
              <div
                className="MuiCardHeader-root css-1njolgq-MuiCardHeader-root-cardHeader"
              >
                <div
                  className="MuiCardHeader-content css-1qbkelo-MuiCardHeader-content"
                >
                  <span
                    className="MuiTypography-root MuiTypography-h5 MuiTypography-alignCenter MuiCardHeader-title css-1l8qytf-MuiTypography-root"
                  >
                    Graph
                  </span>
                </div>
              </div>
              <div
                className="MuiCardContent-root css-46bh2p-MuiCardContent-root"
              >
                <div
                  className="css-191gaml-cardContent"
                >
                  <div
                    className="MuiAvatar-root MuiAvatar-circular MuiAvatar-colorDefault css-jn7sxx-MuiAvatar-root-pink"
                  >
                    <svg
                      aria-hidden={true}
                      className="MuiSvgIcon-root MuiSvgIcon-fontSizeMedium css-i4bv87-MuiSvgIcon-root"
                      focusable="false"
                      style={
                        {
                          "fontSize": 64,
                        }
                      }
                      viewBox="0 0 24 24"
                    >
                      <path
                        d="M9.96,11.31C10.82,8.1 11.5,6 13,6C14.5,6 15.18,8.1 16.04,11.31C17,14.92 18.1,19 22,19V17C19.8,17 19,14.54 17.97,10.8C17.08,7.46 16.15,4 13,4C9.85,4 8.92,7.46 8.03,10.8C7.03,14.54 6.2,17 4,17V2H2V22H22V20H4V19C7.9,19 9,14.92 9.96,11.31Z"
                      />
                    </svg>
                  </div>
                </div>
                <ul>
                  <li
                    className="MuiTypography-root MuiTypography-subtitle1 MuiTypography-alignCenter css-118o8hd-MuiTypography-root"
                  >
                    Graph functions
                  </li>
                  <li
                    className="MuiTypography-root MuiTypography-subtitle1 MuiTypography-alignCenter css-118o8hd-MuiTypography-root"
                  >
                    Flexible
                  </li>
                  <li
                    className="MuiTypography-root MuiTypography-subtitle1 MuiTypography-alignCenter css-118o8hd-MuiTypography-root"
                  >
                    Cute
                  </li>
                </ul>
              </div>
              <div
                className="MuiCardActions-root MuiCardActions-spacing css-dnrpxu-MuiCardActions-root"
              >
                <button
                  className="MuiButtonBase-root MuiButton-root MuiButton-contained MuiButton-containedPrimary MuiButton-sizeMedium MuiButton-containedSizeMedium MuiButton-colorPrimary MuiButton-fullWidth MuiButton-root MuiButton-contained MuiButton-containedPrimary MuiButton-sizeMedium MuiButton-containedSizeMedium MuiButton-colorPrimary MuiButton-fullWidth css-1fu7jd5-MuiButtonBase-root-MuiButton-root"
                  disabled={false}
                  onBlur={[Function]}
                  onClick={[Function]}
                  onContextMenu={[Function]}
                  onDragLeave={[Function]}
                  onFocus={[Function]}
                  onKeyDown={[Function]}
                  onKeyUp={[Function]}
                  onMouseDown={[Function]}
                  onMouseLeave={[Function]}
                  onMouseUp={[Function]}
                  onTouchEnd={[Function]}
                  onTouchMove={[Function]}
                  onTouchStart={[Function]}
                  tabIndex={0}
                  type="button"
                >
                  Graph
                </button>
              </div>
            </div>
          </div>
          <div
            className="MuiGrid-root MuiGrid-item MuiGrid-grid-xs-12 MuiGrid-grid-sm-6 MuiGrid-grid-md-3 css-10voxkt-MuiGrid-root"
          >
            <div
              className="MuiPaper-root MuiPaper-elevation MuiPaper-rounded MuiPaper-elevation1 MuiCard-root css-bhp9pd-MuiPaper-root-MuiCard-root"
            >
              <div
                className="MuiCardHeader-root css-1njolgq-MuiCardHeader-root-cardHeader"
              >
                <div
                  className="MuiCardHeader-content css-1qbkelo-MuiCardHeader-content"
                >
                  <span
                    className="MuiTypography-root MuiTypography-h5 MuiTypography-alignCenter MuiCardHeader-title css-1l8qytf-MuiTypography-root"
                  >
                    Block
                  </span>
                </div>
              </div>
              <div
                className="MuiCardContent-root css-46bh2p-MuiCardContent-root"
              >
                <div
                  className="css-191gaml-cardContent"
                >
                  <div
                    className="MuiAvatar-root MuiAvatar-circular MuiAvatar-colorDefault css-jn7sxx-MuiAvatar-root-pink"
                  >
                    <svg
                      aria-hidden={true}
                      className="MuiSvgIcon-root MuiSvgIcon-fontSizeMedium css-i4bv87-MuiSvgIcon-root"
                      focusable="false"
                      style={
                        {
                          "fontSize": 64,
                        }
                      }
                      viewBox="0 0 24 24"
                    >
                      <path
                        d="M14,17H7V15H14M17,13H7V11H17M17,9H7V7H17M19,3H5C3.89,3 3,3.89 3,5V19A2,2 0 0,0 5,21H19A2,2 0 0,0 21,19V5C21,3.89 20.1,3 19,3Z"
                      />
                    </svg>
                  </div>
                </div>
                <ul>
                  <li
                    className="MuiTypography-root MuiTypography-subtitle1 MuiTypography-alignCenter css-118o8hd-MuiTypography-root"
                  >
                    Evaluate Block
                  </li>
                  <li
                    className="MuiTypography-root MuiTypography-subtitle1 MuiTypography-alignCenter css-118o8hd-MuiTypography-root"
                  >
                    Scope
                  </li>
                  <li
                    className="MuiTypography-root MuiTypography-subtitle1 MuiTypography-alignCenter css-118o8hd-MuiTypography-root"
                  >
                    List
                  </li>
                </ul>
              </div>
              <div
                className="MuiCardActions-root MuiCardActions-spacing css-dnrpxu-MuiCardActions-root"
              >
                <button
                  className="MuiButtonBase-root MuiButton-root MuiButton-contained MuiButton-containedPrimary MuiButton-sizeMedium MuiButton-containedSizeMedium MuiButton-colorPrimary MuiButton-fullWidth MuiButton-root MuiButton-contained MuiButton-containedPrimary MuiButton-sizeMedium MuiButton-containedSizeMedium MuiButton-colorPrimary MuiButton-fullWidth css-1fu7jd5-MuiButtonBase-root-MuiButton-root"
                  disabled={false}
                  onBlur={[Function]}
                  onClick={[Function]}
                  onContextMenu={[Function]}
                  onDragLeave={[Function]}
                  onFocus={[Function]}
                  onKeyDown={[Function]}
                  onKeyUp={[Function]}
                  onMouseDown={[Function]}
                  onMouseLeave={[Function]}
                  onMouseUp={[Function]}
                  onTouchEnd={[Function]}
                  onTouchMove={[Function]}
                  onTouchStart={[Function]}
                  tabIndex={0}
                  type="button"
                >
                  Graph
                </button>
              </div>
            </div>
          </div>
        </div>
      </main>
    </div>
    <p
      className="MuiTypography-root MuiTypography-body2 MuiTypography-alignCenter css-1vl95ex-MuiTypography-root"
    >
      Copyright © 
      <a
        href="https://www.hellotham.com/"
      >
        Hello Tham Pty Ltd
      </a>
       
      2026
      .
    </p>
  </div>,
]
`;
